[ 2026-05-12 23:10:52,121 ] 97 werkzeug - INFO - [31m[1mWARNING: This is a development server. Do not use it in a production deployment. Use a production WSGI server instead.[0m
 * Running on all addresses (0.0.0.0)
 * Running on http://127.0.0.1:5000
 * Running on http://192.168.0.143:5000
[ 2026-05-12 23:10:52,121 ] 97 werkzeug - INFO - [33mPress CTRL+C to quit[0m
[ 2026-05-12 23:11:20,715 ] 97 werkzeug - INFO - 127.0.0.1 - - [12/May/2026 23:11:20] "GET /predictdata HTTP/1.1" 200 -
[ 2026-05-12 23:11:36,168 ] 875 app - ERROR - Exception on /predictdata [POST]
Traceback (most recent call last):
  File "C:\Users\manya\OneDrive\Desktop\StudentPerformance\Student-Performance-Azure-deployment-main\src\utils.py", line 57, in load_object
    with open(file_path, "rb") as file_obj:
         ~~~~^^^^^^^^^^^^^^^^^
FileNotFoundError: [Errno 2] No such file or directory: 'artifacts\\preprocessor.pkl'

During handling of the above exception, another exception occurred:

Traceback (most recent call last):
  File "C:\Users\manya\OneDrive\Desktop\StudentPerformance\Student-Performance-Azure-deployment-main\src\pipeline\predict_pipeline.py", line 17, in predict
    preprocessor=load_object(file_path=preprocessor_path)
  File "C:\Users\manya\OneDrive\Desktop\StudentPerformance\Student-Performance-Azure-deployment-main\src\utils.py", line 61, in load_object
    raise CustomException(e, sys)
src.exception.CustomException: Error occured in python script name [C:\Users\manya\OneDrive\Desktop\StudentPerformance\Student-Performance-Azure-deployment-main\src\utils.py] line number [57] error message[[Errno 2] No such file or directory: 'artifacts\\preprocessor.pkl']

During handling of the above exception, another exception occurred:

Traceback (most recent call last):
  File "C:\Users\manya\anaconda3\Lib\site-packages\flask\app.py", line 1511, in wsgi_app
    response = self.full_dispatch_request()
  File "C:\Users\manya\anaconda3\Lib\site-packages\flask\app.py", line 919, in full_dispatch_request
    rv = self.handle_user_exception(e)
  File "C:\Users\manya\anaconda3\Lib\site-packages\flask\app.py", line 917, in full_dispatch_request
    rv = self.dispatch_request()
  File "C:\Users\manya\anaconda3\Lib\site-packages\flask\app.py", line 902, in dispatch_request
    return self.ensure_sync(self.view_functions[rule.endpoint])(**view_args)  # type: ignore[no-any-return]
           ~~~~~~~~~~~~~~~~~~~~~~~~~~~~~~~~~~~~~~~~~~~~~~~~~~~~^^^^^^^^^^^^^
  File "C:\Users\manya\OneDrive\Desktop\StudentPerformance\Student-Performance-Azure-deployment-main\app.py", line 48, in predict_datapoint
    results=predict_pipeline.predict(pred_df)
  File "C:\Users\manya\OneDrive\Desktop\StudentPerformance\Student-Performance-Azure-deployment-main\src\pipeline\predict_pipeline.py", line 23, in predict
    raise CustomException(e,sys)
src.exception.CustomException: Error occured in python script name [C:\Users\manya\OneDrive\Desktop\StudentPerformance\Student-Performance-Azure-deployment-main\src\pipeline\predict_pipeline.py] line number [17] error message[Error occured in python script name [C:\Users\manya\OneDrive\Desktop\StudentPerformance\Student-Performance-Azure-deployment-main\src\utils.py] line number [57] error message[[Errno 2] No such file or directory: 'artifacts\\preprocessor.pkl']]
[ 2026-05-12 23:11:38,810 ] 97 werkzeug - INFO - 127.0.0.1 - - [12/May/2026 23:11:38] "[35m[1mPOST /predictdata HTTP/1.1[0m" 500 -
